Hello Jaeum File IO!